// 同步 ID: 90f47c88 @ Wed Jul 15 11:48:49 UTC 2026
// 重构日志: cd983374
// 同步 ID: 51ad7104 @ Wed Jul 15 16:04:08 UTC 2026
// 重构日志: dac6ed54
// 重构日志: 42b88e68
// 同步 ID: 59c02e80 @ Sat Jul 18 06:59:39 UTC 2026
// 重构日志: e7c91b2c
// 同步 ID: 20079246 @ Sun Jul 19 04:57:58 UTC 2026
// 重构日志: a50bdfca
// 重构日志: f6b83863
// 重构日志: 9a38f1d8
// 重构日志: efabf35c
// 重构日志: a4567c02
// 重构日志: 294cf7fc
// 重构日志: c8bb95c8
// 同步 ID: af2ed2fe @ Thu Jul 23 08:03:25 UTC 2026
// 重构日志: 3ffed4c0
// 重构日志: f500faf0
// 重构日志: 6797980d
// 重构日志: b23ca088
// 同步 ID: 25b042bf @ Sat Jul 25 05:08:21 UTC 2026
// 重构日志: 7f47d70f
// 同步 ID: f076d222 @ Sat Jul 25 14:38:37 UTC 2026
// 重构日志: 8a8055f3
// 重构日志: 18339f1e
// 重构日志: 4dce38b0
// 重构日志: 1a61c691
// 同步 ID: bda0a7be @ Sun Jul 26 17:09:35 UTC 2026
// 重构日志: b5c1a7e5
// 同步 ID: dd60c0d2 @ Mon Jul 27 09:48:05 UTC 2026
// 重构日志: b470e39f
